// Jest Snapshot v1, https://goo.gl/fbAQLP

exports[`AddSong render correctly 1`] = `ShallowWrapper {}`;
