// Jest Snapshot v1, https://goo.gl/fbAQLP

exports[`EditSong render correctly 1`] = `ShallowWrapper {}`;
