// Jest Snapshot v1, https://goo.gl/fbAQLP

exports[`Home render correctly 1`] = `ShallowWrapper {}`;
